// Jest Snapshot v1, https://goo.gl/fbAQLP

exports[`getExchange throws for unsupported exchange 1`] = `[Error: Could not get centralized exchange. Invalide CEX configuration option]`;
